// Jest Snapshot v1, https://goo.gl/fbAQLP

exports[`<TextField /> should match the snapshot 1`] = `
<div
  class="sc-beqWaB iHXrTl"
>
  <label
    class="sc-dmqHEX floUjU"
  />
  <div
    class="sc-gueYoa jjURQE"
  >
    <input
      class="sc-hLseeU jCKmqV"
    />
  </div>
</div>
`;
